// Jest Snapshot v1, https://goo.gl/fbAQLP

exports[`Components:molecules:Profile Snapshots should match snapshot 1`] = `
"<div class=\\"flex items-center\\"><img src=\\"https://github.com/rafaelmaiach.png\\" alt=\\"Maiatto Dev\\" class=\\"mr-6 w-20 h-20 rounded-full\\">
  <div class=\\"flex flex-col w-full\\"><strong class=\\"text-title text-2xl\\">Maiatto Dev</strong>
    <p class=\\"flex items-center\\"><img src=\\"icons/level.svg\\" alt=\\"level\\" class=\\"mr-2\\"> <span class=\\"text-base\\">Level 1</span></p>
  </div>
</div>"
`;
