// Jest Snapshot v1, https://goo.gl/fbAQLP

exports[`Components:atoms:ExperienceBar Snapshots should match snapshot 1`] = `
"<header class=\\"pb-10 flex items-center\\">
  <p class=\\"text-sm\\">
    0 xp
  </p>
  <div class=\\"mx-4 lg:mx-6 flex-1 bg-gray-line h-1 rounded-md\\">
    <div class=\\"relative bg-green h-1\\" style=\\"width: 0%;\\">
      <p class=\\"text-sm absolute -right-4 w-max top-2\\">
        0 xp (0%)
      </p>
    </div>
  </div>
  <p class=\\"text-sm\\">
    64 xp
  </p>
</header>"
`;
